#
# There is insufficient memory for the Java Runtime Environment to continue.
# Native memory allocation (malloc) failed to allocate 1048576 bytes. Error detail: AllocateHeap
# Possible reasons:
#   The system is out of physical RAM or swap space
#   This process is running with CompressedOops enabled, and the Java Heap may be blocking the growth of the native heap
# Possible solutions:
#   Reduce memory load on the system
#   Increase physical memory or swap space
#   Check if swap backing store is full
#   Decrease Java heap size (-Xmx/-Xms)
#   Decrease number of Java threads
#   Decrease Java thread stack sizes (-Xss)
#   Set larger code cache with -XX:ReservedCodeCacheSize=
#   JVM is running with Unscaled Compressed Oops mode in which the Java heap is
#     placed in the first 4GB address space. The Java Heap base address is the
#     maximum limit for the native heap growth. Please use -XX:HeapBaseMinAddress
#     to set the Java Heap base and to place the Java Heap above 4GB virtual address.
# This output file may be truncated or incomplete.
#
#  Out of Memory Error (allocation.cpp:44), pid=16712, tid=21204
#
# JRE version: OpenJDK Runtime Environment Temurin-21.0.12.1+1 (21.0.12.1+1) (build 21.0.12.1+1-LTS)
# Java VM: OpenJDK 64-Bit Server VM Temurin-21.0.12.1+1 (21.0.12.1+1-LTS, mixed mode, sharing, tiered, compressed oops, compressed class ptrs, parallel gc, windows-amd64)
# No core dump will be written. Minidumps are not enabled by default on client versions of Windows
#

---------------  S U M M A R Y ------------

Command Line: --add-modules=ALL-SYSTEM --add-opens=java.base/java.util=ALL-UNNAMED --add-opens=java.base/java.lang=ALL-UNNAMED --add-opens=java.base/sun.nio.fs=ALL-UNNAMED -Declipse.application=org.eclipse.jdt.ls.core.id1 -Dosgi.bundles.defaultStartLevel=4 -Declipse.product=org.eclipse.jdt.ls.core.product -Djava.import.generatesMetadataFilesAtProjectRoot=false -Dm2e.project.cache.size=50 -DDetectVMInstallationsJob.disabled=true -Dfile.encoding=utf8 -XX:+UseParallelGC -XX:GCTimeRatio=4 -XX:AdaptiveSizePolicyWeight=90 -Dsun.zip.disableMemoryMapping=true -Xmx2G -Xms100m -Xlog:disable -javaagent:c:\Users\abiva\.antigravity-ide\extensions\redhat.java-1.56.0-win32-x64\lombok\lombok-1.18.39-4050.jar -XX:+HeapDumpOnOutOfMemoryError -XX:HeapDumpPath=c:\Users\abiva\AppData\Roaming\Antigravity IDE\User\workspaceStorage\07b61797f1fc1df68300304b9bba4c1d\redhat.java -Daether.dependencyCollector.impl=bf c:\Users\abiva\.antigravity-ide\extensions\redhat.java-1.56.0-win32-x64\server\plugins\org.eclipse.equinox.launcher_1.8.0.v20260804-1928.jar -configuration c:\Users\abiva\AppData\Roaming\Antigravity IDE\User\globalStorage\redhat.java\1.56.0\config_win -data c:\Users\abiva\AppData\Roaming\Antigravity IDE\User\workspaceStorage\07b61797f1fc1df68300304b9bba4c1d\redhat.java\jdt_ws --pipe=\\.\pipe\lsp-4c028ae536db2b6cce9015dde2165d5a-sock

Host: 11th Gen Intel(R) Core(TM) i5-11300H @ 3.10GHz, 8 cores, 7G,  Windows 11 , 64 bit Build 26100 (10.0.26100.9444)
Time: Sun Oct  4 15:53:07 2026 India Standard Time elapsed time: 2132.375780 seconds (0d 0h 35m 32s)

---------------  T H R E A D  ---------------

Current thread (0x0000023b6723a420):  JavaThread "Attach Listener" daemon [_thread_in_vm, id=21204, stack(0x0000005b1e800000,0x0000005b1e900000) (1024K)]

Stack: [0x0000005b1e800000,0x0000005b1e900000]
Native frames: (J=compiled Java code, j=interpreted, Vv=VM code, C=native code)
V  [jvm.dll+0x6d83e9]
V  [jvm.dll+0x8b5736]
V  [jvm.dll+0x8b7cee]
V  [jvm.dll+0x8b83d3]
V  [jvm.dll+0x284596]
V  [jvm.dll+0xc13c7]
V  [jvm.dll+0x6d8c99]
V  [jvm.dll+0x133616]
V  [jvm.dll+0x3f8aae]
V  [jvm.dll+0x8600cd]
V  [jvm.dll+0x6d6c1d]
C  [ucrtbase.dll+0x2cd30]
C  [KERNEL32.DLL+0x2cd87]
C  [ntdll.dll+0xacaec]


---------------  P R O C E S S  ---------------

Threads class SMR info:
_java_thread_list=0x0000023b49d93510, length=35, elements={
0x0000023b672bbf70, 0x0000023b6737b2c0, 0x0000023b6737dd50, 0x0000023b672364f0,
0x0000023b6723a420, 0x0000023b6723b0e0, 0x0000023b6723bfd0, 0x0000023b6723ee20,
0x0000023b7f5437d0, 0x0000023b7f77e9a0, 0x0000023b7f8026f0, 0x0000023b453bf040,
0x0000023b453b6a70, 0x0000023b7f570e00, 0x0000023b452aaf20, 0x0000023b45995210,
0x0000023b45a2e050, 0x0000023b45bd2fe0, 0x0000023b45cb8060, 0x0000023b45cb9aa0,
0x0000023b45cb86f0, 0x0000023b45cb8d80, 0x0000023b45cba7c0, 0x0000023b45cbae50,
0x0000023b47155f80, 0x0000023b47158d70, 0x0000023b471558f0, 0x0000023b47159a90,
0x0000023b47156ca0, 0x0000023b47156610, 0x0000023b4715a120, 0x0000023b4715a7b0,
0x0000023b471579c0, 0x0000023b47159400, 0x0000023b4715cf10
}

Java Threads: ( => current thread )
  0x0000023b672bbf70 JavaThread "main"                              [_thread_blocked, id=17532, stack(0x0000005b1e100000,0x0000005b1e200000) (1024K)]
  0x0000023b6737b2c0 JavaThread "Reference Handler"          daemon [_thread_blocked, id=15672, stack(0x0000005b1e500000,0x0000005b1e600000) (1024K)]
  0x0000023b6737dd50 JavaThread "Finalizer"                  daemon [_thread_blocked, id=16176, stack(0x0000005b1e600000,0x0000005b1e700000) (1024K)]
  0x0000023b672364f0 JavaThread "Signal Dispatcher"          daemon [_thread_blocked, id=21108, stack(0x0000005b1e700000,0x0000005b1e800000) (1024K)]
=>0x0000023b6723a420 JavaThread "Attach Listener"            daemon [_thread_in_vm, id=21204, stack(0x0000005b1e800000,0x0000005b1e900000) (1024K)]
  0x0000023b6723b0e0 JavaThread "Service Thread"             daemon [_thread_blocked, id=18284, stack(0x0000005b1e900000,0x0000005b1ea00000) (1024K)]
  0x0000023b6723bfd0 JavaThread "Monitor Deflation Thread"   daemon [_thread_blocked, id=14516, stack(0x0000005b1ea00000,0x0000005b1eb00000) (1024K)]
  0x0000023b6723ee20 JavaThread "C2 CompilerThread0"         daemon [_thread_blocked, id=19020, stack(0x0000005b1eb00000,0x0000005b1ec00000) (1024K)]
  0x0000023b7f5437d0 JavaThread "C1 CompilerThread0"         daemon [_thread_blocked, id=16692, stack(0x0000005b1ec00000,0x0000005b1ed00000) (1024K)]
  0x0000023b7f77e9a0 JavaThread "Common-Cleaner"             daemon [_thread_blocked, id=20520, stack(0x0000005b1ed00000,0x0000005b1ee00000) (1024K)]
  0x0000023b7f8026f0 JavaThread "Notification Thread"        daemon [_thread_blocked, id=20272, stack(0x0000005b1ee00000,0x0000005b1ef00000) (1024K)]
  0x0000023b453bf040 JavaThread "Active Thread: Equinox Container: c965d554-9783-4565-9a34-db9fecc127cd"        [_thread_blocked, id=21236, stack(0x0000005b1f500000,0x0000005b1f600000) (1024K)]
  0x0000023b453b6a70 JavaThread "Refresh Thread: Equinox Container: c965d554-9783-4565-9a34-db9fecc127cd" daemon [_thread_blocked, id=21480, stack(0x0000005b1f700000,0x0000005b1f800000) (1024K)]
  0x0000023b7f570e00 JavaThread "Framework Event Dispatcher: Equinox Container: c965d554-9783-4565-9a34-db9fecc127cd" daemon [_thread_blocked, id=1368, stack(0x0000005b1f800000,0x0000005b1f900000) (1024K)]
  0x0000023b452aaf20 JavaThread "Start Level: Equinox Container: c965d554-9783-4565-9a34-db9fecc127cd" daemon [_thread_blocked, id=7496, stack(0x0000005b1f900000,0x0000005b1fa00000) (1024K)]
  0x0000023b45995210 JavaThread "Bundle File Closer"         daemon [_thread_blocked, id=12004, stack(0x0000005b1fa00000,0x0000005b1fb00000) (1024K)]
  0x0000023b45a2e050 JavaThread "SCR Component Actor"        daemon [_thread_blocked, id=4552, stack(0x0000005b1fb00000,0x0000005b1fc00000) (1024K)]
  0x0000023b45bd2fe0 JavaThread "Worker-JM"                         [_thread_blocked, id=3608, stack(0x0000005b1fe00000,0x0000005b1ff00000) (1024K)]
  0x0000023b45cb8060 JavaThread "JNA Cleaner"                daemon [_thread_blocked, id=3236, stack(0x0000005b1fd00000,0x0000005b1fe00000) (1024K)]
  0x0000023b45cb9aa0 JavaThread "Worker-2"                          [_thread_blocked, id=4844, stack(0x0000005b20100000,0x0000005b20200000) (1024K)]
  0x0000023b45cb86f0 JavaThread "Java indexing"              daemon [_thread_blocked, id=8840, stack(0x0000005b20300000,0x0000005b20400000) (1024K)]
  0x0000023b45cb8d80 JavaThread "Worker-3"                          [_thread_blocked, id=11780, stack(0x0000005b20600000,0x0000005b20700000) (1024K)]
  0x0000023b45cba7c0 JavaThread "Thread-1"                   daemon [_thread_in_native, id=10476, stack(0x0000005b20900000,0x0000005b20a00000) (1024K)]
  0x0000023b45cbae50 JavaThread "Thread-2"                   daemon [_thread_in_native, id=12300, stack(0x0000005b20a00000,0x0000005b20b00000) (1024K)]
  0x0000023b47155f80 JavaThread "Thread-3"                   daemon [_thread_in_native, id=8144, stack(0x0000005b20b00000,0x0000005b20c00000) (1024K)]
  0x0000023b47158d70 JavaThread "Thread-4"                   daemon [_thread_in_native, id=20672, stack(0x0000005b20c00000,0x0000005b20d00000) (1024K)]
  0x0000023b471558f0 JavaThread "Thread-5"                   daemon [_thread_in_native, id=2764, stack(0x0000005b20d00000,0x0000005b20e00000) (1024K)]
  0x0000023b47159a90 JavaThread "Thread-6"                   daemon [_thread_in_native, id=19824, stack(0x0000005b20e00000,0x0000005b20f00000) (1024K)]
  0x0000023b47156ca0 JavaThread "Thread-7"                   daemon [_thread_in_native, id=5176, stack(0x0000005b20f00000,0x0000005b21000000) (1024K)]
  0x0000023b47156610 JavaThread "Thread-8"                   daemon [_thread_in_native, id=8444, stack(0x0000005b21000000,0x0000005b21100000) (1024K)]
  0x0000023b4715a120 JavaThread "Thread-9"                   daemon [_thread_in_native, id=4992, stack(0x0000005b21100000,0x0000005b21200000) (1024K)]
  0x0000023b4715a7b0 JavaThread "pool-2-thread-1"                   [_thread_blocked, id=14912, stack(0x0000005b21200000,0x0000005b21300000) (1024K)]
  0x0000023b471579c0 JavaThread "WorkspaceEventsHandler"            [_thread_blocked, id=18308, stack(0x0000005b21400000,0x0000005b21500000) (1024K)]
  0x0000023b47159400 JavaThread "pool-1-thread-1"                   [_thread_blocked, id=16724, stack(0x0000005b21500000,0x0000005b21600000) (1024K)]
  0x0000023b4715cf10 JavaThread "PatternSearchJob-worker-4"  daemon [_thread_blocked, id=9380, stack(0x0000005b21a00000,0x0000005b21b00000) (1024K)]
Total: 35

Other Threads:
  0x0000023b672325e0 VMThread "VM Thread"                           [id=19916, stack(0x0000005b1e400000,0x0000005b1e500000) (1024K)]
  0x0000023b67328a40 WatcherThread "VM Periodic Task Thread"        [id=18028, stack(0x0000005b1e300000,0x0000005b1e400000) (1024K)]
  0x0000023b672da5c0 WorkerThread "GC Thread#0"                     [id=2796, stack(0x0000005b1e200000,0x0000005b1e300000) (1024K)]
  0x0000023b454972a0 WorkerThread "GC Thread#1"                     [id=4344, stack(0x0000005b1ef00000,0x0000005b1f000000) (1024K)]
  0x0000023b7f889eb0 WorkerThread "GC Thread#2"                     [id=16980, stack(0x0000005b1f000000,0x0000005b1f100000) (1024K)]
  0x0000023b451f2b10 WorkerThread "GC Thread#3"                     [id=21444, stack(0x0000005b1f100000,0x0000005b1f200000) (1024K)]
  0x0000023b451f2ec0 WorkerThread "GC Thread#4"                     [id=2320, stack(0x0000005b1f200000,0x0000005b1f300000) (1024K)]
  0x0000023b451f3270 WorkerThread "GC Thread#5"                     [id=19988, stack(0x0000005b1f300000,0x0000005b1f400000) (1024K)]
  0x0000023b451f3620 WorkerThread "GC Thread#6"                     [id=8524, stack(0x0000005b1f400000,0x0000005b1f500000) (1024K)]
  0x0000023b67262b00 WorkerThread "GC Thread#7"                     [id=20504, stack(0x0000005b1f600000,0x0000005b1f700000) (1024K)]
Total: 10

Threads with active compile tasks:
Total: 0

VM state: not at safepoint (normal execution)

VM Mutex/Monitor currently owned by a thread: None

Heap address: 0x0000000080000000, size: 2048 MB, Compressed Oops mode: 32-bit

CDS archive(s) mapped at: [0x0000023b00000000-0x0000023b00ba0000-0x0000023b00ba0000), size 12189696, SharedBaseAddress: 0x0000023b00000000, ArchiveRelocationMode: 1.
Compressed class space mapped at: 0x0000023b01000000-0x0000023b41000000, reserved size: 1073741824
Narrow klass base: 0x0000023b00000000, Narrow klass shift: 0, Narrow klass range: 0x100000000

GC Precious Log:
 CardTable entry size: 512
 CPUs: 8 total, 8 available
 Memory: 7937M
 Large Page Support: Disabled
 NUMA Support: Disabled
 Compressed Oops: Enabled (32-bit)
 Alignments: Space 512K, Generation 512K, Heap 2M
 Heap Min Capacity: 100M
 Heap Initial Capacity: 100M
 Heap Max Capacity: 2G
 Pre-touch: Disabled
 Parallel Workers: 8

Heap:
 PSYoungGen      total 20992K, used 9179K [0x00000000d5580000, 0x00000000d7080000, 0x0000000100000000)
  eden space 19456K, 39% used [0x00000000d5580000,0x00000000d5cfa750,0x00000000d6880000)
  from space 1536K, 99% used [0x00000000d6880000,0x00000000d69fc880,0x00000000d6a00000)
  to   space 4096K, 0% used [0x00000000d6c80000,0x00000000d6c80000,0x00000000d7080000)
 ParOldGen       total 78336K, used 78252K [0x0000000080000000, 0x0000000084c80000, 0x00000000d5580000)
  object space 78336K, 99% used [0x0000000080000000,0x0000000084c6b190,0x0000000084c80000)
 Metaspace       used 67889K, committed 69376K, reserved 1114112K
  class space    used 7239K, committed 7872K, reserved 1048576K

Card table byte_map: [0x0000023b66c60000,0x0000023b67070000] _byte_map_base: 0x0000023b66860000

Marking Bits: (ParMarkBitMap*) 0x00007ffe194144a0
 Begin Bits: [0x0000023b79770000, 0x0000023b7b770000)
 End Bits:   [0x0000023b7b770000, 0x0000023b7d770000)

Polling page: 0x0000023b650e0000

Metaspace:

Usage:
  Non-class:     59.23 MB used.
      Class:      7.07 MB used.
       Both:     66.30 MB used.

Virtual space:
  Non-class space:       64.00 MB reserved,      60.06 MB ( 94%) committed,  1 nodes.
      Class space:        1.00 GB reserved,       7.69 MB ( <1%) committed,  1 nodes.
             Both:        1.06 GB reserved,      67.75 MB (  6%) committed. 

Chunk freelists:
   Non-Class:  3.73 MB
       Class:  8.20 MB
        Both:  11.94 MB

MaxMetaspaceSize: unlimited
CompressedClassSpaceSize: 1.00 GB
Initial GC threshold: 21.00 MB
Current GC threshold: 97.31 MB
CDS: on
 - commit_granule_bytes: 65536.
 - commit_granule_words: 8192.
 - virtual_space_node_default_size: 8388608.
 - enlarge_chunks_in_place: 1.
 - use_allocation_guard: 0.


Internal statistics:

num_allocs_failed_limit: 11.
num_arena_births: 1204.
num_arena_deaths: 14.
num_vsnodes_births: 2.
num_vsnodes_deaths: 0.
num_space_committed: 1084.
num_space_uncommitted: 0.
num_chunks_returned_to_freelist: 25.
num_chunks_taken_from_freelist: 4186.
num_chunk_merges: 14.
num_chunk_splits: 2591.
num_chunks_enlarged: 1472.
num_inconsistent_stats: 0.

CodeHeap 'non-profiled nmethods': size=120000Kb used=8510Kb max_used=8510Kb free=111489Kb
 bounds [0x0000023b71f90000, 0x0000023b727e0000, 0x0000023b794c0000]
CodeHeap 'profiled nmethods': size=120000Kb used=25196Kb max_used=25196Kb free=94803Kb
 bounds [0x0000023b6a4c0000, 0x0000023b6bd60000, 0x0000023b719f0000]
CodeHeap 'non-nmethods': size=5760Kb used=1463Kb max_used=1530Kb free=4296Kb
 bounds [0x0000023b719f0000, 0x0000023b71c60000, 0x0000023b71f90000]
CodeCache: size=245760Kb, used=35169Kb, max_used=35236Kb, free=210588Kb
 total_blobs=11752, nmethods=10983, adapters=674, full_count=0
Compilation: enabled, stopped_count=0, restarted_count=0

Compilation events (20 events):
Event: 1432.975 Thread 0x0000023b6723ee20 11730       4       java.util.concurrent.locks.ReentrantLock::lock (8 bytes)
Event: 1432.983 Thread 0x0000023b6723ee20 nmethod 11730 0x0000023b727de690 code [0x0000023b727de840, 0x0000023b727de9b0]
Event: 1533.336 Thread 0x0000023b7f5437d0 11731       3       java.util.concurrent.ScheduledThreadPoolExecutor$ScheduledFutureTask::isPeriodic (15 bytes)
Event: 1533.337 Thread 0x0000023b7f5437d0 nmethod 11731 0x0000023b6bd56a90 code [0x0000023b6bd56c20, 0x0000023b6bd56d88]
Event: 1701.931 Thread 0x0000023b7f5437d0 11732       1       com.sun.jna.internal.Cleaner::access$100 (5 bytes)
Event: 1701.935 Thread 0x0000023b7f5437d0 nmethod 11732 0x0000023b727deb10 code [0x0000023b727deca0, 0x0000023b727ded50]
Event: 1813.245 Thread 0x0000023b7f5437d0 11734   !   3       java.util.concurrent.ScheduledThreadPoolExecutor$DelayedWorkQueue::take (203 bytes)
Event: 1813.299 Thread 0x0000023b7f5437d0 nmethod 11734 0x0000023b6bd56e10 code [0x0000023b6bd571e0, 0x0000023b6bd58a80]
Event: 1823.260 Thread 0x0000023b7f5437d0 11735       3       java.util.concurrent.ScheduledThreadPoolExecutor::triggerTime (22 bytes)
Event: 1823.261 Thread 0x0000023b7f5437d0 nmethod 11735 0x0000023b6bd59590 code [0x0000023b6bd59740, 0x0000023b6bd59920]
Event: 1823.261 Thread 0x0000023b7f5437d0 11736       3       java.util.concurrent.ScheduledThreadPoolExecutor$DelayedWorkQueue::add (9 bytes)
Event: 1823.263 Thread 0x0000023b7f5437d0 nmethod 11736 0x0000023b6bd59a10 code [0x0000023b6bd59be0, 0x0000023b6bd59eb8]
Event: 1823.263 Thread 0x0000023b7f5437d0 11737       3       java.util.concurrent.ScheduledThreadPoolExecutor$DelayedWorkQueue::add (6 bytes)
Event: 1823.263 Thread 0x0000023b7f5437d0 nmethod 11737 0x0000023b6bd59f90 code [0x0000023b6bd5a140, 0x0000023b6bd5a298]
Event: 1843.288 Thread 0x0000023b7f5437d0 11738       3       java.util.concurrent.ScheduledThreadPoolExecutor$ScheduledFutureTask::run (57 bytes)
Event: 1843.291 Thread 0x0000023b7f5437d0 nmethod 11738 0x0000023b6bd5a390 code [0x0000023b6bd5a5c0, 0x0000023b6bd5ab30]
Event: 1883.392 Thread 0x0000023b7f5437d0 11739       3       java.util.concurrent.locks.AbstractQueuedSynchronizer$Node::setStatusRelaxed (12 bytes)
Event: 1883.393 Thread 0x0000023b7f5437d0 nmethod 11739 0x0000023b6bd5ad10 code [0x0000023b6bd5aea0, 0x0000023b6bd5afb8]
Event: 2119.796 Thread 0x0000023b6723ee20 11740       4       java.util.HashMap::resize (356 bytes)
Event: 2119.828 Thread 0x0000023b6723ee20 nmethod 11740 0x0000023b727dee10 code [0x0000023b727df000, 0x0000023b727df638]

GC Heap History (20 events):
Event: 36.186 GC heap before
{Heap before GC invocations=65 (full 3):
 PSYoungGen      total 19968K, used 19944K [0x00000000d5580000, 0x00000000d6a00000, 0x0000000100000000)
  eden space 19456K, 100% used [0x00000000d5580000,0x00000000d6880000,0x00000000d6880000)
  from space 512K, 95% used [0x00000000d6900000,0x00000000d697a368,0x00000000d6980000)
  to   space 512K, 0% used [0x00000000d6980000,0x00000000d6980000,0x00000000d6a00000)
 ParOldGen       total 71680K, used 71653K [0x0000000080000000, 0x0000000084600000, 0x00000000d5580000)
  object space 71680K, 99% used [0x0000000080000000,0x00000000845f9760,0x0000000084600000)
 Metaspace       used 64543K, committed 65984K, reserved 1114112K
  class space    used 6949K, committed 7552K, reserved 1048576K
}
Event: 36.187 GC heap after
{Heap after GC invocations=65 (full 3):
 PSYoungGen      total 19968K, used 416K [0x00000000d5580000, 0x00000000d6a00000, 0x0000000100000000)
  eden space 19456K, 0% used [0x00000000d5580000,0x00000000d5580000,0x00000000d6880000)
  from space 512K, 81% used [0x00000000d6980000,0x00000000d69e8000,0x00000000d6a00000)
  to   space 512K, 0% used [0x00000000d6900000,0x00000000d6900000,0x00000000d6980000)
 ParOldGen       total 72192K, used 72035K [0x0000000080000000, 0x0000000084680000, 0x00000000d5580000)
  object space 72192K, 99% used [0x0000000080000000,0x0000000084658f58,0x0000000084680000)
 Metaspace       used 64543K, committed 65984K, reserved 1114112K
  class space    used 6949K, committed 7552K, reserved 1048576K
}
Event: 36.211 GC heap before
{Heap before GC invocations=66 (full 3):
 PSYoungGen      total 19968K, used 19872K [0x00000000d5580000, 0x00000000d6a00000, 0x0000000100000000)
  eden space 19456K, 100% used [0x00000000d5580000,0x00000000d6880000,0x00000000d6880000)
  from space 512K, 81% used [0x00000000d6980000,0x00000000d69e8000,0x00000000d6a00000)
  to   space 512K, 0% used [0x00000000d6900000,0x00000000d6900000,0x00000000d6980000)
 ParOldGen       total 72192K, used 72035K [0x0000000080000000, 0x0000000084680000, 0x00000000d5580000)
  object space 72192K, 99% used [0x0000000080000000,0x0000000084658f58,0x0000000084680000)
 Metaspace       used 64546K, committed 65984K, reserved 1114112K
  class space    used 6949K, committed 7552K, reserved 1048576K
}
Event: 36.212 GC heap after
{Heap after GC invocations=66 (full 3):
 PSYoungGen      total 19968K, used 384K [0x00000000d5580000, 0x00000000d6a00000, 0x0000000100000000)
  eden space 19456K, 0% used [0x00000000d5580000,0x00000000d5580000,0x00000000d6880000)
  from space 512K, 75% used [0x00000000d6900000,0x00000000d6960000,0x00000000d6980000)
  to   space 512K, 0% used [0x00000000d6980000,0x00000000d6980000,0x00000000d6a00000)
 ParOldGen       total 72704K, used 72291K [0x0000000080000000, 0x0000000084700000, 0x00000000d5580000)
  object space 72704K, 99% used [0x0000000080000000,0x0000000084698f58,0x0000000084700000)
 Metaspace       used 64546K, committed 65984K, reserved 1114112K
  class space    used 6949K, committed 7552K, reserved 1048576K
}
Event: 36.245 GC heap before
{Heap before GC invocations=67 (full 3):
 PSYoungGen      total 19968K, used 19840K [0x00000000d5580000, 0x00000000d6a00000, 0x0000000100000000)
  eden space 19456K, 100% used [0x00000000d5580000,0x00000000d6880000,0x00000000d6880000)
  from space 512K, 75% used [0x00000000d6900000,0x00000000d6960000,0x00000000d6980000)
  to   space 512K, 0% used [0x00000000d6980000,0x00000000d6980000,0x00000000d6a00000)
 ParOldGen       total 72704K, used 72291K [0x0000000080000000, 0x0000000084700000, 0x00000000d5580000)
  object space 72704K, 99% used [0x0000000080000000,0x0000000084698f58,0x0000000084700000)
 Metaspace       used 64557K, committed 65984K, reserved 1114112K
  class space    used 6949K, committed 7552K, reserved 1048576K
}
Event: 36.246 GC heap after
{Heap after GC invocations=67 (full 3):
 PSYoungGen      total 19968K, used 470K [0x00000000d5580000, 0x00000000d6a00000, 0x0000000100000000)
  eden space 19456K, 0% used [0x00000000d5580000,0x00000000d5580000,0x00000000d6880000)
  from space 512K, 91% used [0x00000000d6980000,0x00000000d69f5960,0x00000000d6a00000)
  to   space 512K, 0% used [0x00000000d6900000,0x00000000d6900000,0x00000000d6980000)
 ParOldGen       total 72704K, used 72546K [0x0000000080000000, 0x0000000084700000, 0x00000000d5580000)
  object space 72704K, 99% used [0x0000000080000000,0x00000000846d8b50,0x0000000084700000)
 Metaspace       used 64557K, committed 65984K, reserved 1114112K
  class space    used 6949K, committed 7552K, reserved 1048576K
}
Event: 36.413 GC heap before
{Heap before GC invocations=68 (full 3):
 PSYoungGen      total 19968K, used 19926K [0x00000000d5580000, 0x00000000d6a00000, 0x0000000100000000)
  eden space 19456K, 100% used [0x00000000d5580000,0x00000000d6880000,0x00000000d6880000)
  from space 512K, 91% used [0x00000000d6980000,0x00000000d69f5960,0x00000000d6a00000)
  to   space 512K, 0% used [0x00000000d6900000,0x00000000d6900000,0x00000000d6980000)
 ParOldGen       total 72704K, used 72546K [0x0000000080000000, 0x0000000084700000, 0x00000000d5580000)
  object space 72704K, 99% used [0x0000000080000000,0x00000000846d8b50,0x0000000084700000)
 Metaspace       used 64562K, committed 65984K, reserved 1114112K
  class space    used 6949K, committed 7552K, reserved 1048576K
}
Event: 36.415 GC heap after
{Heap after GC invocations=68 (full 3):
 PSYoungGen      total 19968K, used 484K [0x00000000d5580000, 0x00000000d6a80000, 0x0000000100000000)
  eden space 19456K, 0% used [0x00000000d5580000,0x00000000d5580000,0x00000000d6880000)
  from space 512K, 94% used [0x00000000d6900000,0x00000000d69791e0,0x00000000d6980000)
  to   space 1024K, 0% used [0x00000000d6980000,0x00000000d6980000,0x00000000d6a80000)
 ParOldGen       total 73216K, used 72850K [0x0000000080000000, 0x0000000084780000, 0x00000000d5580000)
  object space 73216K, 99% used [0x0000000080000000,0x0000000084724b50,0x0000000084780000)
 Metaspace       used 64562K, committed 65984K, reserved 1114112K
  class space    used 6949K, committed 7552K, reserved 1048576K
}
Event: 36.756 GC heap before
{Heap before GC invocations=69 (full 3):
 PSYoungGen      total 19968K, used 19940K [0x00000000d5580000, 0x00000000d6a80000, 0x0000000100000000)
  eden space 19456K, 100% used [0x00000000d5580000,0x00000000d6880000,0x00000000d6880000)
  from space 512K, 94% used [0x00000000d6900000,0x00000000d69791e0,0x00000000d6980000)
  to   space 1024K, 0% used [0x00000000d6980000,0x00000000d6980000,0x00000000d6a80000)
 ParOldGen       total 73216K, used 72850K [0x0000000080000000, 0x0000000084780000, 0x00000000d5580000)
  object space 73216K, 99% used [0x0000000080000000,0x0000000084724b50,0x0000000084780000)
 Metaspace       used 64576K, committed 65984K, reserved 1114112K
  class space    used 6950K, committed 7552K, reserved 1048576K
}
Event: 36.758 GC heap after
{Heap after GC invocations=69 (full 3):
 PSYoungGen      total 20480K, used 562K [0x00000000d5580000, 0x00000000d6a80000, 0x0000000100000000)
  eden space 19456K, 0% used [0x00000000d5580000,0x00000000d5580000,0x00000000d6880000)
  from space 1024K, 54% used [0x00000000d6980000,0x00000000d6a0cb20,0x00000000d6a80000)
  to   space 1024K, 0% used [0x00000000d6880000,0x00000000d6880000,0x00000000d6980000)
 ParOldGen       total 74752K, used 74088K [0x0000000080000000, 0x0000000084900000, 0x00000000d5580000)
  object space 74752K, 99% used [0x0000000080000000,0x000000008485a330,0x0000000084900000)
 Metaspace       used 64576K, committed 65984K, reserved 1114112K
  class space    used 6950K, committed 7552K, reserved 1048576K
}
Event: 37.894 GC heap before
{Heap before GC invocations=70 (full 3):
 PSYoungGen      total 20480K, used 20018K [0x00000000d5580000, 0x00000000d6a80000, 0x0000000100000000)
  eden space 19456K, 100% used [0x00000000d5580000,0x00000000d6880000,0x00000000d6880000)
  from space 1024K, 54% used [0x00000000d6980000,0x00000000d6a0cb20,0x00000000d6a80000)
  to   space 1024K, 0% used [0x00000000d6880000,0x00000000d6880000,0x00000000d6980000)
 ParOldGen       total 74752K, used 74088K [0x0000000080000000, 0x0000000084900000, 0x00000000d5580000)
  object space 74752K, 99% used [0x0000000080000000,0x000000008485a330,0x0000000084900000)
 Metaspace       used 64579K, committed 65984K, reserved 1114112K
  class space    used 6950K, committed 7552K, reserved 1048576K
}
Event: 37.895 GC heap after
{Heap after GC invocations=70 (full 3):
 PSYoungGen      total 20480K, used 575K [0x00000000d5580000, 0x00000000d6a80000, 0x0000000100000000)
  eden space 19456K, 0% used [0x00000000d5580000,0x00000000d5580000,0x00000000d6880000)
  from space 1024K, 56% used [0x00000000d6880000,0x00000000d690ffa0,0x00000000d6980000)
  to   space 1024K, 0% used [0x00000000d6980000,0x00000000d6980000,0x00000000d6a80000)
 ParOldGen       total 74752K, used 74509K [0x0000000080000000, 0x0000000084900000, 0x00000000d5580000)
  object space 74752K, 99% used [0x0000000080000000,0x00000000848c3788,0x0000000084900000)
 Metaspace       used 64579K, committed 65984K, reserved 1114112K
  class space    used 6950K, committed 7552K, reserved 1048576K
}
Event: 37.943 GC heap before
{Heap before GC invocations=71 (full 3):
 PSYoungGen      total 20480K, used 20031K [0x00000000d5580000, 0x00000000d6a80000, 0x0000000100000000)
  eden space 19456K, 100% used [0x00000000d5580000,0x00000000d6880000,0x00000000d6880000)
  from space 1024K, 56% used [0x00000000d6880000,0x00000000d690ffa0,0x00000000d6980000)
  to   space 1024K, 0% used [0x00000000d6980000,0x00000000d6980000,0x00000000d6a80000)
 ParOldGen       total 74752K, used 74509K [0x0000000080000000, 0x0000000084900000, 0x00000000d5580000)
  object space 74752K, 99% used [0x0000000080000000,0x00000000848c3788,0x0000000084900000)
 Metaspace       used 64584K, committed 65984K, reserved 1114112K
  class space    used 6950K, committed 7552K, reserved 1048576K
}
Event: 37.944 GC heap after
{Heap after GC invocations=71 (full 3):
 PSYoungGen      total 20480K, used 600K [0x00000000d5580000, 0x00000000d6a80000, 0x0000000100000000)
  eden space 19456K, 0% used [0x00000000d5580000,0x00000000d5580000,0x00000000d6880000)
  from space 1024K, 58% used [0x00000000d6980000,0x00000000d6a160a8,0x00000000d6a80000)
  to   space 1024K, 0% used [0x00000000d6880000,0x00000000d6880000,0x00000000d6980000)
 ParOldGen       total 75264K, used 74828K [0x0000000080000000, 0x0000000084980000, 0x00000000d5580000)
  object space 75264K, 99% used [0x0000000080000000,0x00000000849131f8,0x0000000084980000)
 Metaspace       used 64584K, committed 65984K, reserved 1114112K
  class space    used 6950K, committed 7552K, reserved 1048576K
}
Event: 38.172 GC heap before
{Heap before GC invocations=72 (full 3):
 PSYoungGen      total 20480K, used 20056K [0x00000000d5580000, 0x00000000d6a80000, 0x0000000100000000)
  eden space 19456K, 100% used [0x00000000d5580000,0x00000000d6880000,0x00000000d6880000)
  from space 1024K, 58% used [0x00000000d6980000,0x00000000d6a160a8,0x00000000d6a80000)
  to   space 1024K, 0% used [0x00000000d6880000,0x00000000d6880000,0x00000000d6980000)
 ParOldGen       total 75264K, used 74828K [0x0000000080000000, 0x0000000084980000, 0x00000000d5580000)
  object space 75264K, 99% used [0x0000000080000000,0x00000000849131f8,0x0000000084980000)
 Metaspace       used 65578K, committed 67008K, reserved 1114112K
  class space    used 7053K, committed 7680K, reserved 1048576K
}
Event: 38.174 GC heap after
{Heap after GC invocations=72 (full 3):
 PSYoungGen      total 20480K, used 1018K [0x00000000d5580000, 0x00000000d6c80000, 0x0000000100000000)
  eden space 19456K, 0% used [0x00000000d5580000,0x00000000d5580000,0x00000000d6880000)
  from space 1024K, 99% used [0x00000000d6880000,0x00000000d697e878,0x00000000d6980000)
  to   space 2048K, 0% used [0x00000000d6a80000,0x00000000d6a80000,0x00000000d6c80000)
 ParOldGen       total 75776K, used 75636K [0x0000000080000000, 0x0000000084a00000, 0x00000000d5580000)
  object space 75776K, 99% used [0x0000000080000000,0x00000000849dd2a0,0x0000000084a00000)
 Metaspace       used 65578K, committed 67008K, reserved 1114112K
  class space    used 7053K, committed 7680K, reserved 1048576K
}
Event: 38.914 GC heap before
{Heap before GC invocations=73 (full 3):
 PSYoungGen      total 20480K, used 20474K [0x00000000d5580000, 0x00000000d6c80000, 0x0000000100000000)
  eden space 19456K, 100% used [0x00000000d5580000,0x00000000d6880000,0x00000000d6880000)
  from space 1024K, 99% used [0x00000000d6880000,0x00000000d697e878,0x00000000d6980000)
  to   space 2048K, 0% used [0x00000000d6a80000,0x00000000d6a80000,0x00000000d6c80000)
 ParOldGen       total 75776K, used 75636K [0x0000000080000000, 0x0000000084a00000, 0x00000000d5580000)
  object space 75776K, 99% used [0x0000000080000000,0x00000000849dd2a0,0x0000000084a00000)
 Metaspace       used 66153K, committed 67648K, reserved 1114112K
  class space    used 7098K, committed 7744K, reserved 1048576K
}
Event: 38.917 GC heap after
{Heap after GC invocations=73 (full 3):
 PSYoungGen      total 20480K, used 992K [0x00000000d5580000, 0x00000000d6b80000, 0x0000000100000000)
  eden space 19456K, 0% used [0x00000000d5580000,0x00000000d5580000,0x00000000d6880000)
  from space 1024K, 96% used [0x00000000d6a80000,0x00000000d6b78000,0x00000000d6b80000)
  to   space 1536K, 0% used [0x00000000d6880000,0x00000000d6880000,0x00000000d6a00000)
 ParOldGen       total 76800K, used 76575K [0x0000000080000000, 0x0000000084b00000, 0x00000000d5580000)
  object space 76800K, 99% used [0x0000000080000000,0x0000000084ac7fc0,0x0000000084b00000)
 Metaspace       used 66153K, committed 67648K, reserved 1114112K
  class space    used 7098K, committed 7744K, reserved 1048576K
}
Event: 39.445 GC heap before
{Heap before GC invocations=74 (full 3):
 PSYoungGen      total 20480K, used 20448K [0x00000000d5580000, 0x00000000d6b80000, 0x0000000100000000)
  eden space 19456K, 100% used [0x00000000d5580000,0x00000000d6880000,0x00000000d6880000)
  from space 1024K, 96% used [0x00000000d6a80000,0x00000000d6b78000,0x00000000d6b80000)
  to   space 1536K, 0% used [0x00000000d6880000,0x00000000d6880000,0x00000000d6a00000)
 ParOldGen       total 76800K, used 76575K [0x0000000080000000, 0x0000000084b00000, 0x00000000d5580000)
  object space 76800K, 99% used [0x0000000080000000,0x0000000084ac7fc0,0x0000000084b00000)
 Metaspace       used 67616K, committed 69120K, reserved 1114112K
  class space    used 7229K, committed 7872K, reserved 1048576K
}
Event: 39.448 GC heap after
{Heap after GC invocations=74 (full 3):
 PSYoungGen      total 20992K, used 1522K [0x00000000d5580000, 0x00000000d7080000, 0x0000000100000000)
  eden space 19456K, 0% used [0x00000000d5580000,0x00000000d5580000,0x00000000d6880000)
  from space 1536K, 99% used [0x00000000d6880000,0x00000000d69fc880,0x00000000d6a00000)
  to   space 4096K, 0% used [0x00000000d6c80000,0x00000000d6c80000,0x00000000d7080000)
 ParOldGen       total 78336K, used 78252K [0x0000000080000000, 0x0000000084c80000, 0x00000000d5580000)
  object space 78336K, 99% used [0x0000000080000000,0x0000000084c6b190,0x0000000084c80000)
 Metaspace       used 67616K, committed 69120K, reserved 1114112K
  class space    used 7229K, committed 7872K, reserved 1048576K
}

Dll operation events (20 events):
Event: 0.415 Attempting to load shared library C:\Users\abiva\.antigravity-ide\extensions\redhat.java-1.56.0-win32-x64\jre\21.0.12.1-win32-x86_64\bin\instrument.dll
Event: 0.415 Loaded shared library C:\Users\abiva\.antigravity-ide\extensions\redhat.java-1.56.0-win32-x64\jre\21.0.12.1-win32-x86_64\bin\instrument.dll
Event: 0.421 Attempting to load shared library C:\Users\abiva\.antigravity-ide\extensions\redhat.java-1.56.0-win32-x64\jre\21.0.12.1-win32-x86_64\bin\net.dll
Event: 0.423 Loaded shared library C:\Users\abiva\.antigravity-ide\extensions\redhat.java-1.56.0-win32-x64\jre\21.0.12.1-win32-x86_64\bin\net.dll
Event: 0.451 Attempting to load shared library C:\Users\abiva\.antigravity-ide\extensions\redhat.java-1.56.0-win32-x64\jre\21.0.12.1-win32-x86_64\bin\nio.dll
Event: 0.451 Loaded shared library C:\Users\abiva\.antigravity-ide\extensions\redhat.java-1.56.0-win32-x64\jre\21.0.12.1-win32-x86_64\bin\nio.dll
Event: 0.458 Attempting to load shared library C:\Users\abiva\.antigravity-ide\extensions\redhat.java-1.56.0-win32-x64\jre\21.0.12.1-win32-x86_64\bin\zip.dll
Event: 0.458 Loaded shared library C:\Users\abiva\.antigravity-ide\extensions\redhat.java-1.56.0-win32-x64\jre\21.0.12.1-win32-x86_64\bin\zip.dll
Event: 0.542 Attempting to load shared library C:\Users\abiva\.antigravity-ide\extensions\redhat.java-1.56.0-win32-x64\jre\21.0.12.1-win32-x86_64\bin\jimage.dll
Event: 0.542 Loaded shared library C:\Users\abiva\.antigravity-ide\extensions\redhat.java-1.56.0-win32-x64\jre\21.0.12.1-win32-x86_64\bin\jimage.dll
Event: 0.680 Attempting to load shared library c:\Users\abiva\.antigravity-ide\extensions\redhat.java-1.56.0-win32-x64\jre\21.0.12.1-win32-x86_64\bin\verify.dll
Event: 0.797 Loaded shared library c:\Users\abiva\.antigravity-ide\extensions\redhat.java-1.56.0-win32-x64\jre\21.0.12.1-win32-x86_64\bin\verify.dll
Event: 11.795 Attempting to load shared library C:\Users\abiva\AppData\Roaming\Antigravity IDE\User\globalStorage\redhat.java\1.56.0\config_win\org.eclipse.equinox.launcher\org.eclipse.equinox.launcher.win32.win32.x86_64_1.3.100.v20260804-1928\eclipse_11924.dll
Event: 11.864 Loaded shared library C:\Users\abiva\AppData\Roaming\Antigravity IDE\User\globalStorage\redhat.java\1.56.0\config_win\org.eclipse.equinox.launcher\org.eclipse.equinox.launcher.win32.win32.x86_64_1.3.100.v20260804-1928\eclipse_11924.dll
Event: 19.450 Attempting to load shared library C:\Users\abiva\AppData\Local\Temp\jna-92605715\jna346871759990699641.dll
Event: 19.539 Loaded shared library C:\Users\abiva\AppData\Local\Temp\jna-92605715\jna346871759990699641.dll
Event: 21.476 Attempting to load shared library C:\Users\abiva\.antigravity-ide\extensions\redhat.java-1.56.0-win32-x64\jre\21.0.12.1-win32-x86_64\bin\sunmscapi.dll
Event: 21.633 Loaded shared library C:\Users\abiva\.antigravity-ide\extensions\redhat.java-1.56.0-win32-x64\jre\21.0.12.1-win32-x86_64\bin\sunmscapi.dll
Event: 22.382 Attempting to load shared library C:\Users\abiva\.antigravity-ide\extensions\redhat.java-1.56.0-win32-x64\jre\21.0.12.1-win32-x86_64\bin\extnet.dll
Event: 22.433 Loaded shared library C:\Users\abiva\.antigravity-ide\extensions\redhat.java-1.56.0-win32-x64\jre\21.0.12.1-win32-x86_64\bin\extnet.dll

Deoptimization events (20 events):
Event: 39.553 Thread 0x0000023b45cb9aa0 DEOPT PACKING pc=0x0000023b6b2bf168 sp=0x0000005b201fe0a0
Event: 39.553 Thread 0x0000023b45cb9aa0 DEOPT UNPACKING pc=0x0000023b71a478e2 sp=0x0000005b201fd5b0 mode 0
Event: 39.554 Thread 0x0000023b45cb9aa0 DEOPT PACKING pc=0x0000023b6bb6f8a2 sp=0x0000005b201fe290
Event: 39.554 Thread 0x0000023b45cb9aa0 DEOPT UNPACKING pc=0x0000023b71a478e2 sp=0x0000005b201fd808 mode 0
Event: 39.567 Thread 0x0000023b45cb9aa0 Uncommon trap: trap_request=0xffffff45 fr.pc=0x0000023b7278855c relative=0x0000000000005cbc
Event: 39.567 Thread 0x0000023b45cb9aa0 Uncommon trap: reason=unstable_if action=reinterpret pc=0x0000023b7278855c method=org.eclipse.jdt.internal.compiler.parser.Parser.consumeRule(I)V @ 1 c2
Event: 39.567 Thread 0x0000023b45cb9aa0 DEOPT PACKING pc=0x0000023b7278855c sp=0x0000005b201fea50
Event: 39.567 Thread 0x0000023b45cb9aa0 DEOPT UNPACKING pc=0x0000023b71a46da2 sp=0x0000005b201fe9f0 mode 2
Event: 39.579 Thread 0x0000023b45cb9aa0 DEOPT PACKING pc=0x0000023b6bb855d2 sp=0x0000005b201fd930
Event: 39.579 Thread 0x0000023b45cb9aa0 DEOPT UNPACKING pc=0x0000023b71a478e2 sp=0x0000005b201fcd58 mode 0
Event: 39.583 Thread 0x0000023b45cb9aa0 Uncommon trap: trap_request=0xffffff45 fr.pc=0x0000023b7272a650 relative=0x0000000000001350
Event: 39.583 Thread 0x0000023b45cb9aa0 Uncommon trap: reason=unstable_if action=reinterpret pc=0x0000023b7272a650 method=org.eclipse.jdt.internal.compiler.util.HashtableOfType.get([C)Lorg/eclipse/jdt/internal/compiler/lookup/ReferenceBinding; @ 49 c2
Event: 39.583 Thread 0x0000023b45cb9aa0 DEOPT PACKING pc=0x0000023b7272a650 sp=0x0000005b201fdff0
Event: 39.583 Thread 0x0000023b45cb9aa0 DEOPT UNPACKING pc=0x0000023b71a46da2 sp=0x0000005b201fde90 mode 2
Event: 39.586 Thread 0x0000023b45cb9aa0 DEOPT PACKING pc=0x0000023b6a86af53 sp=0x0000005b201fe3d0
Event: 39.586 Thread 0x0000023b45cb9aa0 DEOPT UNPACKING pc=0x0000023b71a478e2 sp=0x0000005b201fd880 mode 0
Event: 185.416 Thread 0x0000023b47159400 Uncommon trap: trap_request=0xffffff45 fr.pc=0x0000023b7277ccf0 relative=0x0000000000000390
Event: 185.416 Thread 0x0000023b47159400 Uncommon trap: reason=unstable_if action=reinterpret pc=0x0000023b7277ccf0 method=java.net.URI.equalIgnoringCase(Ljava/lang/String;Ljava/lang/String;)Z @ 8 c2
Event: 185.416 Thread 0x0000023b47159400 DEOPT PACKING pc=0x0000023b7277ccf0 sp=0x0000005b215fe600
Event: 185.416 Thread 0x0000023b47159400 DEOPT UNPACKING pc=0x0000023b71a46da2 sp=0x0000005b215fe5a0 mode 2

Classes loaded (20 events):
Event: 32.836 Loading class sun/util/resources/cldr/TimeZoneNames_en_US
Event: 32.836 Loading class sun/util/resources/cldr/TimeZoneNames_en_US done
Event: 32.839 Loading class sun/util/cldr/CLDRBaseLocaleDataMetaInfo$TZCanonicalIDMapHolder
Event: 32.841 Loading class sun/util/cldr/CLDRBaseLocaleDataMetaInfo$TZCanonicalIDMapHolder done
Event: 32.842 Loading class sun/util/resources/TimeZoneNames
Event: 32.844 Loading class sun/util/resources/TimeZoneNames done
Event: 32.845 Loading class sun/util/resources/TimeZoneNames_en
Event: 32.845 Loading class sun/util/resources/TimeZoneNames_en done
Event: 35.864 Loading class java/lang/invoke/MethodHandleImpl$CountingWrapper$1
Event: 35.864 Loading class java/lang/invoke/MethodHandleImpl$CountingWrapper$1 done
Event: 38.015 Loading class java/util/stream/ReduceOps$4
Event: 38.015 Loading class java/util/stream/ReduceOps$4 done
Event: 38.015 Loading class java/util/stream/ReduceOps$4ReducingSink
Event: 38.016 Loading class java/util/stream/ReduceOps$4ReducingSink done
Event: 38.570 Loading class java/util/AbstractList$RandomAccessSubList
Event: 38.570 Loading class java/util/AbstractList$SubList
Event: 38.577 Loading class java/util/AbstractList$SubList done
Event: 38.577 Loading class java/util/AbstractList$RandomAccessSubList done
Event: 38.577 Loading class java/util/AbstractList$SubList$1
Event: 38.577 Loading class java/util/AbstractList$SubList$1 done

Classes unloaded (7 events):
Event: 20.221 Thread 0x0000023b672325e0 Unloading class 0x0000023b011a4000 'java/lang/invoke/LambdaForm$MH+0x0000023b011a4000'
Event: 20.221 Thread 0x0000023b672325e0 Unloading class 0x0000023b011a3c00 'java/lang/invoke/LambdaForm$MH+0x0000023b011a3c00'
Event: 20.221 Thread 0x0000023b672325e0 Unloading class 0x0000023b011a3800 'java/lang/invoke/LambdaForm$MH+0x0000023b011a3800'
Event: 20.221 Thread 0x0000023b672325e0 Unloading class 0x0000023b011a3400 'java/lang/invoke/LambdaForm$MH+0x0000023b011a3400'
Event: 20.221 Thread 0x0000023b672325e0 Unloading class 0x0000023b011a3000 'java/lang/invoke/LambdaForm$BMH+0x0000023b011a3000'
Event: 20.221 Thread 0x0000023b672325e0 Unloading class 0x0000023b011a2c00 'java/lang/invoke/LambdaForm$DMH+0x0000023b011a2c00'
Event: 20.221 Thread 0x0000023b672325e0 Unloading class 0x0000023b011a1800 'java/lang/invoke/LambdaForm$DMH+0x0000023b011a1800'

Classes redefined (0 events):
No events

Internal exceptions (20 events):
Event: 35.875 Thread 0x0000023b45cb9aa0 Implicit null exception at 0x0000023b7237d206 to 0x0000023b7237d331
Event: 35.895 Thread 0x0000023b45cb9aa0 Implicit null exception at 0x0000023b7254e986 to 0x0000023b7254ea90
Event: 35.929 Thread 0x0000023b45cb9aa0 Implicit null exception at 0x0000023b724abf6f to 0x0000023b724ac284
Event: 35.929 Thread 0x0000023b45cb9aa0 Implicit null exception at 0x0000023b72344aa1 to 0x0000023b72344db4
Event: 35.929 Thread 0x0000023b45cb9aa0 Implicit null exception at 0x0000023b724ab17f to 0x0000023b724ab58c
Event: 36.025 Thread 0x0000023b47d947d0 Exception <a 'sun/nio/fs/WindowsException'{0x00000000d5df1f80}> (0x00000000d5df1f80) 
thrown [s\src\hotspot\share\prims\jni.cpp, line 520]
Event: 36.025 Thread 0x0000023b47d947d0 Exception <a 'sun/nio/fs/WindowsException'{0x00000000d5df2968}> (0x00000000d5df2968) 
thrown [s\src\hotspot\share\prims\jni.cpp, line 520]
Event: 36.026 Thread 0x0000023b47d947d0 Exception <a 'sun/nio/fs/WindowsException'{0x00000000d5df3958}> (0x00000000d5df3958) 
thrown [s\src\hotspot\share\prims\jni.cpp, line 520]
Event: 36.026 Thread 0x0000023b47d947d0 Exception <a 'sun/nio/fs/WindowsException'{0x00000000d5df4320}> (0x00000000d5df4320) 
thrown [s\src\hotspot\share\prims\jni.cpp, line 520]
Event: 36.026 Thread 0x0000023b47d947d0 Exception <a 'sun/nio/fs/WindowsException'{0x00000000d5df5e50}> (0x00000000d5df5e50) 
thrown [s\src\hotspot\share\prims\jni.cpp, line 520]
Event: 36.026 Thread 0x0000023b47d947d0 Exception <a 'sun/nio/fs/WindowsException'{0x00000000d5df6818}> (0x00000000d5df6818) 
thrown [s\src\hotspot\share\prims\jni.cpp, line 520]
Event: 36.029 Thread 0x0000023b47d947d0 Exception <a 'sun/nio/fs/WindowsException'{0x00000000d5ed8040}> (0x00000000d5ed8040) 
thrown [s\src\hotspot\share\prims\jni.cpp, line 520]
Event: 36.029 Thread 0x0000023b47d947d0 Exception <a 'sun/nio/fs/WindowsException'{0x00000000d5ed8a08}> (0x00000000d5ed8a08) 
thrown [s\src\hotspot\share\prims\jni.cpp, line 520]
Event: 38.021 Thread 0x0000023b45cb9aa0 Exception <a 'java/lang/NoSuchMethodError'{0x00000000d639cc60}: 'int java.lang.invoke.DirectMethodHandle$Holder.invokeSpecialIFC(java.lang.Object, java.lang.Object, java.lang.Object)'> (0x00000000d639cc60) 
thrown [s\src\hotspot\share\interpreter\linkResolver.cpp, line 773]
Event: 39.036 Thread 0x0000023b45cb9aa0 Exception <a 'java/lang/NoSuchMethodError'{0x00000000d5b25500}: 'java.lang.Object java.lang.invoke.DirectMethodHandle$Holder.invokeStatic(java.lang.Object, java.lang.Object, int, java.lang.Object, java.lang.Object)'> (0x00000000d5b25500) 
thrown [s\src\hotspot\share\interpreter\linkResolver.cpp, line 773]
Event: 39.190 Thread 0x0000023b45cb9aa0 Exception <a 'java/io/FileNotFoundException'{0x00000000d5f07ce0}> (0x00000000d5f07ce0) 
thrown [s\src\hotspot\share\prims\jni.cpp, line 520]
Event: 39.190 Thread 0x0000023b45cb9aa0 Exception <a 'java/io/FileNotFoundException'{0x00000000d5f08e18}> (0x00000000d5f08e18) 
thrown [s\src\hotspot\share\prims\jni.cpp, line 520]
Event: 39.190 Thread 0x0000023b45cb9aa0 Exception <a 'java/io/FileNotFoundException'{0x00000000d5f09ba8}> (0x00000000d5f09ba8) 
thrown [s\src\hotspot\share\prims\jni.cpp, line 520]
Event: 39.361 Thread 0x0000023b45cb9aa0 Implicit null exception at 0x0000023b72718e49 to 0x0000023b72719014
Event: 185.416 Thread 0x0000023b47159400 Implicit null exception at 0x0000023b7277c98d to 0x0000023b7277cce0

ZGC Phase Switch (0 events):
No events

VM Operations (20 events):
Event: 1683.785 Executing non-safepoint VM operation: RendezvousGCThreads
Event: 1683.785 Executing non-safepoint VM operation: RendezvousGCThreads done
Event: 1743.955 Executing non-safepoint VM operation: HandshakeAllThreads (HandshakeForDeflation)
Event: 1743.955 Executing non-safepoint VM operation: HandshakeAllThreads (HandshakeForDeflation) done
Event: 1743.955 Executing non-safepoint VM operation: RendezvousGCThreads
Event: 1743.955 Executing non-safepoint VM operation: RendezvousGCThreads done
Event: 1924.224 Executing non-safepoint VM operation: HandshakeAllThreads (HandshakeForDeflation)
Event: 1924.224 Executing non-safepoint VM operation: HandshakeAllThreads (HandshakeForDeflation) done
Event: 1924.224 Executing non-safepoint VM operation: RendezvousGCThreads
Event: 1924.224 Executing non-safepoint VM operation: RendezvousGCThreads done
Event: 1984.358 Executing non-safepoint VM operation: HandshakeAllThreads (HandshakeForDeflation)
Event: 1984.358 Executing non-safepoint VM operation: HandshakeAllThreads (HandshakeForDeflation) done
Event: 1984.358 Executing non-safepoint VM operation: RendezvousGCThreads
Event: 1984.358 Executing non-safepoint VM operation: RendezvousGCThreads done
Event: 2044.397 Executing non-safepoint VM operation: HandshakeAllThreads (HandshakeForDeflation)
Event: 2044.397 Executing non-safepoint VM operation: HandshakeAllThreads (HandshakeForDeflation) done
Event: 2044.397 Executing non-safepoint VM operation: RendezvousGCThreads
Event: 2044.398 Executing non-safepoint VM operation: RendezvousGCThreads done
Event: 2120.143 Executing safepoint VM operation: Cleanup
Event: 2120.144 Executing safepoint VM operation: Cleanup done

Memory protections (0 events):
No events

Nmethod flushes (20 events):
Event: 27.825 Thread 0x0000023b672325e0 flushing osr nmethod 0x0000023b6aceac10
Event: 27.825 Thread 0x0000023b672325e0 flushing osr nmethod 0x0000023b6acec910
Event: 27.825 Thread 0x0000023b672325e0 flushing osr nmethod 0x0000023b6ad21390
Event: 27.825 Thread 0x0000023b672325e0 flushing  nmethod 0x0000023b6ad3b610
Event: 27.825 Thread 0x0000023b672325e0 flushing  nmethod 0x0000023b6ad50d90
Event: 27.825 Thread 0x0000023b672325e0 flushing  nmethod 0x0000023b6ad59690
Event: 27.825 Thread 0x0000023b672325e0 flushing  nmethod 0x0000023b6ad5a710
Event: 27.825 Thread 0x0000023b672325e0 flushing  nmethod 0x0000023b6ad5b410
Event: 27.825 Thread 0x0000023b672325e0 flushing  nmethod 0x0000023b6ad75790
Event: 27.825 Thread 0x0000023b672325e0 flushing  nmethod 0x0000023b6ad76110
Event: 27.825 Thread 0x0000023b672325e0 flushing  nmethod 0x0000023b6ad79e90
Event: 27.825 Thread 0x0000023b672325e0 flushing  nmethod 0x0000023b6ad7a590
Event: 27.825 Thread 0x0000023b672325e0 flushing  nmethod 0x0000023b6ad7a910
Event: 27.825 Thread 0x0000023b672325e0 flushing  nmethod 0x0000023b6ad7c890
Event: 27.825 Thread 0x0000023b672325e0 flushing  nmethod 0x0000023b6ad88010
Event: 27.825 Thread 0x0000023b672325e0 flushing  nmethod 0x0000023b6ad8c790
Event: 27.825 Thread 0x0000023b672325e0 flushing  nmethod 0x0000023b6ad95b90
Event: 27.825 Thread 0x0000023b672325e0 flushing  nmethod 0x0000023b6ad9f210
Event: 27.825 Thread 0x0000023b672325e0 flushing  nmethod 0x0000023b6ada9f90
Event: 27.825 Thread 0x0000023b672325e0 flushing  nmethod 0x0000023b6adb2b90

Events (20 events):
Event: 37.962 Thread 0x0000023b7f5437d0 Thread added: 0x0000023b45004fc0
Event: 37.973 Thread 0x0000023b45004fc0 Thread added: 0x0000023b486088d0
Event: 39.105 Thread 0x0000023b486088d0 Thread exited: 0x0000023b486088d0
Event: 39.385 Thread 0x0000023b7f5437d0 Thread added: 0x0000023b493864b0
Event: 45.054 Thread 0x0000023b493864b0 Thread exited: 0x0000023b493864b0
Event: 49.664 Thread 0x0000023b45004fc0 Thread exited: 0x0000023b45004fc0
Event: 98.600 Thread 0x0000023b45cbb4e0 Thread exited: 0x0000023b45cbb4e0
Event: 98.615 Thread 0x0000023b45cba130 Thread exited: 0x0000023b45cba130
Event: 98.663 Thread 0x0000023b47d96210 Thread exited: 0x0000023b47d96210
Event: 99.603 Thread 0x0000023b45cb9410 Thread exited: 0x0000023b45cb9410
Event: 158.676 Thread 0x0000023b47d947d0 Thread exited: 0x0000023b47d947d0
Event: 218.690 Thread 0x0000023b47d93420 Thread exited: 0x0000023b47d93420
Event: 278.691 Thread 0x0000023b47d968a0 Thread exited: 0x0000023b47d968a0
Event: 338.162 Thread 0x0000023b471586e0 Thread exited: 0x0000023b471586e0
Event: 338.707 Thread 0x0000023b47d94e60 Thread exited: 0x0000023b47d94e60
Event: 638.170 Thread 0x0000023b47157330 Thread exited: 0x0000023b47157330
Event: 938.172 Thread 0x0000023b4715c880 Thread exited: 0x0000023b4715c880
Event: 1238.177 Thread 0x0000023b47158050 Thread exited: 0x0000023b47158050
Event: 1538.187 Thread 0x0000023b4715b4d0 Thread exited: 0x0000023b4715b4d0
Event: 1838.189 Thread 0x0000023b4715ae40 Thread exited: 0x0000023b4715ae40


Dynamic libraries:
0x00007ff62b3e0000 - 0x00007ff62b3ee000 	c:\Users\abiva\.antigravity-ide\extensions\redhat.java-1.56.0-win32-x64\jre\21.0.12.1-win32-x86_64\bin\java.exe
0x00007ffe9fec0000 - 0x00007ffea0127000 	C:\WINDOWS\SYSTEM32\ntdll.dll
0x00007ffe9ecc0000 - 0x00007ffe9ed8b000 	C:\WINDOWS\System32\KERNEL32.DLL
0x00007ffe9d6a0000 - 0x00007ffe9daa2000 	C:\WINDOWS\System32\KERNELBASE.dll
0x00007ffe9d480000 - 0x00007ffe9d5cc000 	C:\WINDOWS\System32\ucrtbase.dll
0x00007ffe99a60000 - 0x00007ffe99a78000 	c:\Users\abiva\.antigravity-ide\extensions\redhat.java-1.56.0-win32-x64\jre\21.0.12.1-win32-x86_64\bin\jli.dll
0x00007ffe9dfa0000 - 0x00007ffe9e16f000 	C:\WINDOWS\System32\USER32.dll
0x00007ffe99a80000 - 0x00007ffe99a9e000 	c:\Users\abiva\.antigravity-ide\extensions\redhat.java-1.56.0-win32-x64\jre\21.0.12.1-win32-x86_64\bin\VCRUNTIME140.dll
0x00007ffe9d5e0000 - 0x00007ffe9d607000 	C:\WINDOWS\System32\win32u.dll
0x00007ffe9fa50000 - 0x00007ffe9fa7b000 	C:\WINDOWS\System32\GDI32.dll
0x00007ffe9dab0000 - 0x00007ffe9dbd9000 	C:\WINDOWS\System32\gdi32full.dll
0x00007ffe9d250000 - 0x00007ffe9d2f3000 	C:\WINDOWS\System32\msvcp_win.dll
0x00007ffe804b0000 - 0x00007ffe80740000 	C:\WINDOWS\WinSxS\amd64_microsoft.windows.common-controls_6595b64144ccf1df_6.0.26100.9278_none_3e0d1ba8e3303201\COMCTL32.dll
0x00007ffe9fdd0000 - 0x00007ffe9fe79000 	C:\WINDOWS\System32\msvcrt.dll
0x00007ffe9fbb0000 - 0x00007ffe9fbe1000 	C:\WINDOWS\System32\IMM32.DLL
0x00007ffe99330000 - 0x00007ffe9933c000 	c:\Users\abiva\.antigravity-ide\extensions\redhat.java-1.56.0-win32-x64\jre\21.0.12.1-win32-x86_64\bin\vcruntime140_1.dll
0x00007ffe19500000 - 0x00007ffe1958d000 	c:\Users\abiva\.antigravity-ide\extensions\redhat.java-1.56.0-win32-x64\jre\21.0.12.1-win32-x86_64\bin\msvcp140.dll
0x00007ffe18750000 - 0x00007ffe194f2000 	c:\Users\abiva\.antigravity-ide\extensions\redhat.java-1.56.0-win32-x64\jre\21.0.12.1-win32-x86_64\bin\server\jvm.dll
0x00007ffe9f8c0000 - 0x00007ffe9f97c000 	C:\WINDOWS\System32\ADVAPI32.dll
0x00007ffe9fb00000 - 0x00007ffe9fba9000 	C:\WINDOWS\System32\sechost.dll
0x00007ffe9eba0000 - 0x00007ffe9ecb8000 	C:\WINDOWS\System32\RPCRT4.dll
0x00007ffe9dbe0000 - 0x00007ffe9dc60000 	C:\WINDOWS\System32\WS2_32.dll
0x00007ffe9cf20000 - 0x00007ffe9cf7e000 	C:\WINDOWS\SYSTEM32\POWRPROF.dll
0x00007ffe83f20000 - 0x00007ffe83f56000 	C:\WINDOWS\SYSTEM32\WINMM.dll
0x00007ffe8c630000 - 0x00007ffe8c63b000 	C:\WINDOWS\SYSTEM32\VERSION.dll
0x00007ffe9cf00000 - 0x00007ffe9cf15000 	C:\WINDOWS\SYSTEM32\UMPDC.dll
0x00007ffe9bd90000 - 0x00007ffe9bdab000 	C:\WINDOWS\SYSTEM32\kernel.appcore.dll
0x00007ffe93190000 - 0x00007ffe9319a000 	c:\Users\abiva\.antigravity-ide\extensions\redhat.java-1.56.0-win32-x64\jre\21.0.12.1-win32-x86_64\bin\jimage.dll
0x00007ffe9a330000 - 0x00007ffe9a57c000 	C:\WINDOWS\SYSTEM32\DBGHELP.DLL
0x00007ffe9f430000 - 0x00007ffe9f7b5000 	C:\WINDOWS\System32\combase.dll
0x00007ffe9e9c0000 - 0x00007ffe9ea99000 	C:\WINDOWS\System32\OLEAUT32.dll
0x00007ffe75b30000 - 0x00007ffe75b6b000 	C:\WINDOWS\SYSTEM32\dbgcore.DLL
0x00007ffe9d300000 - 0x00007ffe9d3ac000 	C:\WINDOWS\System32\bcryptPrimitives.dll
0x00007ffe709b0000 - 0x00007ffe709bf000 	c:\Users\abiva\.antigravity-ide\extensions\redhat.java-1.56.0-win32-x64\jre\21.0.12.1-win32-x86_64\bin\instrument.dll
0x00007ffe2c7f0000 - 0x00007ffe2c810000 	c:\Users\abiva\.antigravity-ide\extensions\redhat.java-1.56.0-win32-x64\jre\21.0.12.1-win32-x86_64\bin\java.dll
0x00007ffe9e190000 - 0x00007ffe9e928000 	C:\WINDOWS\System32\SHELL32.dll
0x00007ffe9aaf0000 - 0x00007ffe9b39e000 	C:\WINDOWS\SYSTEM32\windows.storage.dll
0x00007ffe9f7c0000 - 0x00007ffe9f8bb000 	C:\WINDOWS\System32\SHCORE.dll
0x00007ffe9dc90000 - 0x00007ffe9dcf6000 	C:\WINDOWS\System32\shlwapi.dll
0x00007ffe9cfe0000 - 0x00007ffe9d009000 	C:\WINDOWS\SYSTEM32\profapi.dll
0x00007ffe251f0000 - 0x00007ffe25208000 	c:\Users\abiva\.antigravity-ide\extensions\redhat.java-1.56.0-win32-x64\jre\21.0.12.1-win32-x86_64\bin\zip.dll
0x00007ffe6fea0000 - 0x00007ffe6feb0000 	C:\Users\abiva\.antigravity-ide\extensions\redhat.java-1.56.0-win32-x64\jre\21.0.12.1-win32-x86_64\bin\net.dll
0x00007ffe92f80000 - 0x00007ffe930aa000 	C:\WINDOWS\SYSTEM32\WINHTTP.dll
0x00007ffe9c350000 - 0x00007ffe9c3bc000 	C:\WINDOWS\system32\mswsock.dll
0x00007ffe21780000 - 0x00007ffe21796000 	C:\Users\abiva\.antigravity-ide\extensions\redhat.java-1.56.0-win32-x64\jre\21.0.12.1-win32-x86_64\bin\nio.dll
0x00007ffe64dd0000 - 0x00007ffe64de0000 	c:\Users\abiva\.antigravity-ide\extensions\redhat.java-1.56.0-win32-x64\jre\21.0.12.1-win32-x86_64\bin\verify.dll
0x00007ffe18060000 - 0x00007ffe180a5000 	C:\Users\abiva\AppData\Roaming\Antigravity IDE\User\globalStorage\redhat.java\1.56.0\config_win\org.eclipse.equinox.launcher\org.eclipse.equinox.launcher.win32.win32.x86_64_1.3.100.v20260804-1928\eclipse_11924.dll
0x00007ffe9f270000 - 0x00007ffe9f40a000 	C:\WINDOWS\System32\ole32.dll
0x00007ffe9c640000 - 0x00007ffe9c65b000 	C:\WINDOWS\SYSTEM32\CRYPTSP.dll
0x00007ffe9bcf0000 - 0x00007ffe9bd29000 	C:\WINDOWS\system32\rsaenh.dll
0x00007ffe9c400000 - 0x00007ffe9c434000 	C:\WINDOWS\SYSTEM32\USERENV.dll
0x00007ffe9cfb0000 - 0x00007ffe9cfda000 	C:\WINDOWS\SYSTEM32\bcrypt.dll
0x00007ffe9c660000 - 0x00007ffe9c66c000 	C:\WINDOWS\SYSTEM32\CRYPTBASE.dll
0x00007ffe9b770000 - 0x00007ffe9b7a3000 	C:\WINDOWS\SYSTEM32\IPHLPAPI.DLL
0x00007ffe9e180000 - 0x00007ffe9e18a000 	C:\WINDOWS\System32\NSI.dll
0x00007ffe17440000 - 0x00007ffe17489000 	C:\Users\abiva\AppData\Local\Temp\jna-92605715\jna346871759990699641.dll
0x00007ffe9df00000 - 0x00007ffe9df08000 	C:\WINDOWS\System32\PSAPI.DLL
0x00007ffe96760000 - 0x00007ffe9677d000 	C:\WINDOWS\SYSTEM32\dhcpcsvc6.DLL
0x00007ffe96730000 - 0x00007ffe96755000 	C:\WINDOWS\SYSTEM32\dhcpcsvc.DLL
0x00007ffe752f0000 - 0x00007ffe752fe000 	C:\Users\abiva\.antigravity-ide\extensions\redhat.java-1.56.0-win32-x64\jre\21.0.12.1-win32-x86_64\bin\sunmscapi.dll
0x00007ffe9d0c0000 - 0x00007ffe9d23e000 	C:\WINDOWS\System32\CRYPT32.dll
0x00007ffe9c880000 - 0x00007ffe9c8b0000 	C:\WINDOWS\SYSTEM32\ncrypt.dll
0x00007ffe9c830000 - 0x00007ffe9c86f000 	C:\WINDOWS\SYSTEM32\NTASN1.dll
0x00007ffe9b810000 - 0x00007ffe9b968000 	C:\WINDOWS\SYSTEM32\DNSAPI.dll
0x00007ffe9c0e0000 - 0x00007ffe9c0ed000 	C:\WINDOWS\SYSTEM32\DSPARSE.dll
0x00007ffe936d0000 - 0x00007ffe936db000 	C:\Windows\System32\rasadhlp.dll
0x00007ffe96cb0000 - 0x00007ffe96d36000 	C:\WINDOWS\System32\fwpuclnt.dll
0x00007ffe76f40000 - 0x00007ffe76f49000 	C:\Users\abiva\.antigravity-ide\extensions\redhat.java-1.56.0-win32-x64\jre\21.0.12.1-win32-x86_64\bin\extnet.dll

JVMTI agents:
c:\Users\abiva\.antigravity-ide\extensions\redhat.java-1.56.0-win32-x64\lombok\lombok-1.18.39-4050.jar path:c:\Users\abiva\.antigravity-ide\extensions\redhat.java-1.56.0-win32-x64\jre\21.0.12.1-win32-x86_64\bin\instrument.dll, loaded, initialized, instrumentlib options:none

dbghelp: loaded successfully - version: 4.0.5 - missing functions: none
symbol engine: initialized successfully - sym options: 0x614 - pdb path: .;c:\Users\abiva\.antigravity-ide\extensions\redhat.java-1.56.0-win32-x64\jre\21.0.12.1-win32-x86_64\bin;C:\WINDOWS\SYSTEM32;C:\WINDOWS\WinSxS\amd64_microsoft.windows.common-controls_6595b64144ccf1df_6.0.26100.9278_none_3e0d1ba8e3303201;c:\Users\abiva\.antigravity-ide\extensions\redhat.java-1.56.0-win32-x64\jre\21.0.12.1-win32-x86_64\bin\server;C:\Users\abiva\AppData\Roaming\Antigravity IDE\User\globalStorage\redhat.java\1.56.0\config_win\org.eclipse.equinox.launcher\org.eclipse.equinox.launcher.win32.win32.x86_64_1.3.100.v20260804-1928;C:\Users\abiva\AppData\Local\Temp\jna-92605715

VM Arguments:
jvm_args: --add-modules=ALL-SYSTEM --add-opens=java.base/java.util=ALL-UNNAMED --add-opens=java.base/java.lang=ALL-UNNAMED --add-opens=java.base/sun.nio.fs=ALL-UNNAMED -Declipse.application=org.eclipse.jdt.ls.core.id1 -Dosgi.bundles.defaultStartLevel=4 -Declipse.product=org.eclipse.jdt.ls.core.product -Djava.import.generatesMetadataFilesAtProjectRoot=false -Dm2e.project.cache.size=50 -DDetectVMInstallationsJob.disabled=true -Dfile.encoding=utf8 -XX:+UseParallelGC -XX:GCTimeRatio=4 -XX:AdaptiveSizePolicyWeight=90 -Dsun.zip.disableMemoryMapping=true -Xmx2G -Xms100m -Xlog:disable -javaagent:c:\Users\abiva\.antigravity-ide\extensions\redhat.java-1.56.0-win32-x64\lombok\lombok-1.18.39-4050.jar -XX:+HeapDumpOnOutOfMemoryError -XX:HeapDumpPath=c:\Users\abiva\AppData\Roaming\Antigravity IDE\User\workspaceStorage\07b61797f1fc1df68300304b9bba4c1d\redhat.java -Daether.dependencyCollector.impl=bf 
java_command: c:\Users\abiva\.antigravity-ide\extensions\redhat.java-1.56.0-win32-x64\server\plugins\org.eclipse.equinox.launcher_1.8.0.v20260804-1928.jar -configuration c:\Users\abiva\AppData\Roaming\Antigravity IDE\User\globalStorage\redhat.java\1.56.0\config_win -data c:\Users\abiva\AppData\Roaming\Antigravity IDE\User\workspaceStorage\07b61797f1fc1df68300304b9bba4c1d\redhat.java\jdt_ws --pipe=\\.\pipe\lsp-4c028ae536db2b6cce9015dde2165d5a-sock
java_class_path (initial): c:\Users\abiva\.antigravity-ide\extensions\redhat.java-1.56.0-win32-x64\server\plugins\org.eclipse.equinox.launcher_1.8.0.v20260804-1928.jar
Launcher Type: SUN_STANDARD

[Global flags]
    uintx AdaptiveSizePolicyWeight                 = 90                                        {product} {command line}
     intx CICompilerCount                          = 4                                         {product} {ergonomic}
    uintx GCTimeRatio                              = 4                                         {product} {command line}
     bool HeapDumpOnOutOfMemoryError               = true                                   {manageable} {command line}
    ccstr HeapDumpPath                             = c:\Users\abiva\AppData\Roaming\Antigravity IDE\User\workspaceStorage\07b61797f1fc1df68300304b9bba4c1d\redhat.java         {manageable} {command line}
   size_t InitialHeapSize                          = 104857600                                 {product} {command line}
   size_t MaxHeapSize                              = 2147483648                                {product} {command line}
   size_t MaxNewSize                               = 715653120                                 {product} {ergonomic}
   size_t MinHeapDeltaBytes                        = 524288                                    {product} {ergonomic}
   size_t MinHeapSize                              = 104857600                                 {product} {command line}
   size_t NewSize                                  = 34603008                                  {product} {ergonomic}
    uintx NonNMethodCodeHeapSize                   = 5839372                                {pd product} {ergonomic}
    uintx NonProfiledCodeHeapSize                  = 122909434                              {pd product} {ergonomic}
   size_t OldSize                                  = 70254592                                  {product} {ergonomic}
    uintx ProfiledCodeHeapSize                     = 122909434                              {pd product} {ergonomic}
    uintx ReservedCodeCacheSize                    = 251658240                              {pd product} {ergonomic}
     bool SegmentedCodeCache                       = true                                      {product} {ergonomic}
   size_t SoftMaxHeapSize                          = 2147483648                             {manageable} {ergonomic}
     bool UseCompressedOops                        = true                           {product lp64_product} {ergonomic}
     bool UseLargePagesIndividualAllocation        = false                                  {pd product} {ergonomic}
     bool UseParallelGC                            = true                                      {product} {command line}

Logging:
Log output configuration:
 #0: stdout all=off uptime,level,tags foldmultilines=false
 #1: stderr all=off uptime,level,tags foldmultilines=false

Release file:
JAVA_VERSION="21.0.12.1" 
MODULES="java.base java.compiler java.datatransfer java.xml java.prefs java.desktop java.instrument java.logging java.management java.security.sasl java.naming java.rmi java.management.rmi java.net.http java.scripting java.security.jgss java.transaction.xa java.sql java.sql.rowset java.xml.crypto java.se java.smartcardio jdk.accessibility jdk.internal.jvmstat jdk.attach jdk.charsets jdk.internal.opt jdk.zipfs jdk.compiler jdk.crypto.ec jdk.crypto.cryptoki jdk.crypto.mscapi jdk.dynalink jdk.internal.ed jdk.editpad jdk.hotspot.agent jdk.httpserver jdk.internal.le jdk.internal.vm.ci jdk.internal.vm.compiler jdk.internal.vm.compiler.management jdk.jartool jdk.javadoc jdk.jcmd jdk.management jdk.management.agent jdk.jconsole jdk.jdeps jdk.jdwp.agent jdk.jdi jdk.jfr jdk.jshell jdk.jsobject jdk.jstatd jdk.localedata jdk.management.jfr jdk.naming.dns jdk.naming.rmi jdk.net jdk.nio.mapmode jdk.random jdk.sctp jdk.security.auth jdk.security.jgss jdk.unsupported jdk.unsupported.desktop jdk.xml.dom" 

Environment Variables:
JAVA_HOME=C:\Program Files\Eclipse Adoptium\jdk-17.0.18.8-hotspot\
PATH=C:\Program Files\Java\jdk-21.0.10\bin;C:\Python313\Scripts\;C:\Python313\;C:\Program Files\Common Files\Oracle\Java\javapath;C:\windows\system32;C:\windows;C:\windows\System32\Wbem;C:\windows\System32\WindowsPowerShell\v1.0\;C:\windows\System32\OpenSSH\;C:\Program Files (x86)\NVIDIA Corporation\PhysX\Common;C:\Program Files\NVIDIA Corporation\NVIDIA NvDLISR;C:\Program Files\dotnet\;C:\Program Files\MySQL\MySQL Server 5.5\bin;C:\WINDOWS\system32;C:\WINDOWS;C:\WINDOWS\System32\Wbem;C:\WINDOWS\System32\WindowsPowerShell\v1.0\;C:\WINDOWS\System32\OpenSSH\;C:\ProgramData\chocolatey\bin;C:\Program Files\MongoDB\Server\8.0;C:\Users\abiva\AppData\Roaming\Python\Python313\Scripts;D:\Git\cmd;D:\flutter\bin;C:\Program Files\nodejs\;C:\Program Files\MySQL\MySQL Server 8.0\bin;C:\Program Files\MySQL\MySQL Shell 8.0\bin\;C:\Users\abiva\AppData\Local\Microsoft\WindowsApps;C:\Users\abiva\AppData\Local\Programs\Microsoft VS Code\bin;C:\Program Files\mongosh\;C:\Program Files\MongoDB\Server\8.0;C:\Users\abiva\AppData\Roaming\npm;C:\Users\abiva\AppData\Local\Programs\Antigravity\bin;D:\Kiro\bin;C:\Users\abiva\maven\apache-maven-3.9.6\bin;C:\Users\abiva\AppData\Local\GitHubDesktop\bin;C:\Users\abiva\AppData\Local\Programs\cursor\resources\app\bin;C:\Users\abiva\AppData\Local\Programs\Antigravity IDE\bin
USERNAME=abiva
OS=Windows_NT
PROCESSOR_IDENTIFIER=Intel64 Family 6 Model 140 Stepping 1, GenuineIntel
TMP=C:\Users\abiva\AppData\Local\Temp
TEMP=C:\Users\abiva\AppData\Local\Temp




Periodic native trim disabled

---------------  S Y S T E M  ---------------

OS:
 Windows 11 , 64 bit Build 26100 (10.0.26100.9444)
OS uptime: 0 days 0:37 hours
Hyper-V role detected

CPU: total 8 (initial active 8) (4 cores per cpu, 2 threads per core) family 6 model 140 stepping 1 microcode 0xa4, cx8, cmov, fxsr, ht, mmx, 3dnowpref, sse, sse2, sse3, ssse3, sse4.1, sse4.2, popcnt, lzcnt, tsc, tscinvbit, avx, avx2, aes, erms, clmul, bmi1, bmi2, adx, avx512f, avx512dq, avx512cd, avx512bw, avx512vl, sha, fma, vzeroupper, avx512_vpopcntdq, avx512_vpclmulqdq, avx512_vaes, avx512_vnni, clflush, clflushopt, clwb, avx512_vbmi2, avx512_vbmi, hv, rdtscp, rdpid, fsrm, gfni, avx512_bitalg, f16c, cet_ibt, cet_ss, avx512_ifma
Processor Information for the first 8 processors :
  Max Mhz: 3110, Current Mhz: 3110, Mhz Limit: 3110

Memory: 4k page, system-wide physical 7937M (210M free)
TotalPageFile size 16129M (AvailPageFile size 6M)
current process WorkingSet (physical memory assigned to process): 18M, peak: 363M
current process commit charge ("private bytes"): 365M, peak: 436M

vm_info: OpenJDK 64-Bit Server VM (21.0.12.1+1-LTS) for windows-amd64 JRE (21.0.12.1+1-LTS), built on 2026-08-18T00:00:00Z by "admin" with MS VC++ 17.12 (VS2022)

END.
